yarn run v1.22.22
warning ..\..\..\package.json: No license field
$ C:\Users\t_cse\Documents\FunDev\deepwork1\node_modules\.bin\tsc --noEmit
components/HistoryView.tsx(3,10): error TS2614: Module '"../App"' has no exported member 'getTasksForDate'. Did you mean to use 'import getTasksForDate from "../App"' instead?
error Command failed with exit code 2.
info Visit https://yarnpkg.com/en/docs/cli/run for documentation about this command.
